// Jest Snapshot v1, https://goo.gl/fbAQLP

exports[`Home renders correctly SnapShot works 1`] = `
<View>
  <RCTScrollView
    contentContainerStyle={
      {
        "alignItems": "center",
        "paddingBottom": 100,
      }
    }
    data={[]}
    getItem={[Function]}
    getItemCount={[Function]}
    keyExtractor={[Function]}
    onContentSizeChange={[Function]}
    onLayout={[Function]}
    onMomentumScrollBegin={[Function]}
    onMomentumScrollEnd={[Function]}
    onRefresh={[Function]}
    onScroll={[Function]}
    onScrollBeginDrag={[Function]}
    onScrollEndDrag={[Function]}
    refreshControl={
      <RefreshControlMock
        onRefresh={[Function]}
        refreshing={false}
      />
    }
    refreshing={false}
    removeClippedSubviews={false}
    renderItem={[Function]}
    scrollEventThrottle={50}
    stickyHeaderIndices={[]}
    style={
      {
        "width": 750,
      }
    }
    viewabilityConfigCallbackPairs={[]}
  >
    <RCTRefreshControl />
    <View />
  </RCTScrollView>
</View>
`;
